// Jest Snapshot v1, https://goo.gl/fbAQLP

exports[`Storyshots Breadcrumb  default 1`] = `
<nav
  aria-label="breadcrumb"
  className="bc"
>
  <ol
    className="breadcrumb"
    data-testid="breadcrumb-list"
  >
    <li
      className="breadcrumb-item"
      data-testid="breadcrumb-list-item"
    >
      Your Map:
       
      <a
        data-testid="breadcrumb-list-item-your-map"
        href="#"
        id="url"
      >
        (unsaved)
      </a>
    </li>
  </ol>
</nav>
`;

exports[`Storyshots Controls  default 1`] = `
Array [
  <small
    className="d-none d-sm-inline"
    id="owm-build"
  >
    v
    0.0000
  </small>,
  <button
    className="btn btn-secondary"
    disabled={false}
    id="example-map"
    onClick={[Function]}
    type="button"
  >
    Example Map
  </button>,
  <button
    className="btn btn-secondary"
    disabled={false}
    id="new-map"
    onClick={[Function]}
    type="button"
  >
    New Map
  </button>,
  <button
    className="btn btn-success"
    disabled={false}
    id="save-map"
    onClick={[Function]}
    type="button"
  >
    Save
  </button>,
  <div
    className="dropdown btn-group"
    onKeyDown={[Function]}
    role="group"
  >
    <button
      aria-expanded={false}
      aria-haspopup={true}
      className="dropdown-toggle btn btn-info"
      disabled={false}
      id="bg-nested-dropdown"
      onClick={[Function]}
      type="button"
    >
      More
    </button>
  </div>,
]
`;

exports[`Storyshots Meta  default 1`] = `
<div
  className="alert alert-warning"
  id="meta-alert"
  role="alert"
>
  Your map has meta data -
   
  <span
    className="clickable"
    id="showMeta"
    onClick={[Function]}
  >
    Show
  </span>
</div>
`;

exports[`Storyshots Usage  default 1`] = `
<p
  className="small"
  id="usage"
>
  Usage:
  <br />
  <br />
  <strong>
    To set the title
  </strong>
  <br />
  <strong>
    Example:
  </strong>
  <br />
  <span
    className="add clickable"
    href="#"
    onClick={[Function]}
  >
    title My Wardley Map
  </span>
  <br />
  <br />
  ------------------------
  <br />
  <strong>
    To create a component
  </strong>
  <br />
   
  component Name [Visibility (Y Axis), Maturity (X Axis)]
   
  <br />
  <strong>
    Example:
  </strong>
  <br />
  <span
    className="add clickable"
    href="#"
    onClick={[Function]}
  >
    component Customer [0.9, 0.5]
  </span>
  <br />
  <span
    className="add clickable"
    href="#"
    onClick={[Function]}
  >
    component Cup of Tea [0.9, 0.5]
  </span>
  <br />
  <br />
  ------------------------
  <br />
  <strong>
    To create a market
  </strong>
  <br />
   
  market Name [Visibility (Y Axis), Maturity (X Axis)]
   
  <br />
  <strong>
    Example:
  </strong>
  <br />
  <span
    className="add clickable"
    href="#"
    onClick={[Function]}
  >
    market Customer [0.9, 0.5]
  </span>
  <br />
  <span
    className="add clickable"
    href="#"
    onClick={[Function]}
  >
    market Cup of Tea [0.9, 0.5]
  </span>
  <br />
  <span
    className="add clickable"
    href="#"
    onClick={[Function]}
  >
    evolve Customer 0.9 (market)
  </span>
  <br />
  <br />
  ------------------------
  <br />
  <strong>
    Inertia - component likely to face resistance to change.
  </strong>
  <br />
   
  component Name [Visibility (Y Axis), Maturity (X Axis)] inertia
   
  <br />
  <strong>
    Example:
  </strong>
  <br />
  <span
    className="add clickable"
    href="#"
    onClick={[Function]}
  >
    component Customer [0.95, 0.5] inertia
  </span>
  <br />
  <span
    className="add clickable"
    href="#"
    onClick={[Function]}
  >
    component Cup of Tea [0.9, 0.5] inertia
  </span>
  <br />
  <span
    className="add clickable"
    href="#"
    onClick={[Function]}
  >
    market Cup of Tea [0.9, 0.5] inertia
  </span>
  <br />
  <br />
  ------------------------
  <br />
  <strong>
    To evolve a component
  </strong>
  <br />
   
  evole Name (X Axis)
   
  <br />
  <strong>
    Example:
  </strong>
  <br />
  <span
    className="add clickable"
    href="#"
    onClick={[Function]}
  >
    evolve Customer 0.8
  </span>
  <br />
  <span
    className="add clickable"
    href="#"
    onClick={[Function]}
  >
    evolve Cup of Tea evolve 0.8
  </span>
  <br />
  <br />
  ------------------------
  <br />
  <strong>
    To link components
  </strong>
  <br />
  <strong>
    Example:
  </strong>
  <br />
  <span
    className="add clickable"
    href="#"
    onClick={[Function]}
  >
    Start Component-&gt;End Component
  </span>
  <br />
  <span
    className="add clickable"
    href="#"
    onClick={[Function]}
  >
    Customer-&gt;Cup of Tea
  </span>
  <br />
  <br />
  ------------------------
  <br />
  <strong>
    To indicate flow
  </strong>
  <br />
  <strong>
    Example:
  </strong>
  <br />
  <span
    className="add clickable"
    href="#"
    onClick={[Function]}
  >
    Start Component+&lt;&gt;End Component
  </span>
  <br />
  <span
    className="add clickable"
    href="#"
    onClick={[Function]}
  >
    Customer+&lt;&gt;Cup of Tea
  </span>
  <br />
  <br />
  ------------------------
  <br />
  <strong>
    To set component as pipeline:
  </strong>
  <br />
   
  pipeline Component Name [X Axis (start), X Axis (end)]
   
  <br />
  <strong>
    Example:
  </strong>
  <br />
  <span
    className="add clickable"
    href="#"
    onClick={[Function]}
  >
    pipeline Customer [0.15, 0.9]
  </span>
  <br />
  <span
    className="add clickable"
    href="#"
    onClick={[Function]}
  >
    pipeline Customer
  </span>
  <br />
  <br />
  ------------------------
  <br />
  <strong>
    To indicate flow - past components only
  </strong>
  <br />
  <strong>
    Example:
  </strong>
  <br />
  <span
    className="add clickable"
    href="#"
    onClick={[Function]}
  >
    Start Component+&lt;End Component
  </span>
  <br />
  <span
    className="add clickable"
    href="#"
    onClick={[Function]}
  >
    Hot Water+&lt;Kettle
  </span>
  <br />
  <br />
  ------------------------
  <br />
  <strong>
    To indicate flow - future components only
  </strong>
  <br />
  <strong>
    Example:
  </strong>
  <br />
  <span
    className="add clickable"
    href="#"
    onClick={[Function]}
  >
    Start Component+&gt;End Component
  </span>
  <br />
  <span
    className="add clickable"
    href="#"
    onClick={[Function]}
  >
    Hot Water+&gt;Kettle
  </span>
  <br />
  <br />
  ------------------------
  <br />
  <strong>
    To indicate flow - with label
  </strong>
  <br />
  <strong>
    Example:
  </strong>
  <br />
  <span
    className="add clickable"
    href="#"
    onClick={[Function]}
  >
    Start Component+'insert text'&gt;End Component
  </span>
  <br />
  <span
    className="add clickable"
    href="#"
    onClick={[Function]}
  >
    Hot Water+'$0.10'&gt;Kettle
  </span>
  <br />
  <br />
  ------------------------
  <br />
  <strong>
    Explorers, Villagers, Townplanners area
  </strong>
  <br />
   
  Add areas indicating which type of working approach supports component development
   
  <br />
  <strong>
    Example:
  </strong>
  <br />
  <span
    className="add clickable"
    href="#"
    onClick={[Function]}
  >
    explorers [&lt;visibility&gt;, &lt;maturity&gt;, &lt;visibility2&gt;, &lt;maturity2&gt;]
  </span>
  <br />
  <span
    className="add clickable"
    href="#"
    onClick={[Function]}
  >
    villagers [0.59, 0.43, 0.49, 0.63]
  </span>
  <br />
  <span
    className="add clickable"
    href="#"
    onClick={[Function]}
  >
    townplanners [0.31, 0.74, 0.15, 0.95]
  </span>
  <br />
  <br />
  ------------------------
  <br />
  <strong>
    Build, buy, outsource components
  </strong>
  <br />
   
  Highlight a component with a build, buy, or outsource method of execution
   
  <br />
  <strong>
    Example:
  </strong>
  <br />
  <span
    className="add clickable"
    href="#"
    onClick={[Function]}
  >
    build &lt;component&gt;
  </span>
  <br />
  <span
    className="add clickable"
    href="#"
    onClick={[Function]}
  >
    buy &lt;component&gt;
  </span>
  <br />
  <span
    className="add clickable"
    href="#"
    onClick={[Function]}
  >
    outsource &lt;component&gt;
  </span>
  <br />
  <span
    className="add clickable"
    href="#"
    onClick={[Function]}
  >
    component Customer [0.9, 0.2] (buy)
  </span>
  <br />
  <span
    className="add clickable"
    href="#"
    onClick={[Function]}
  >
    component Customer [0.9, 0.2] (build)
  </span>
  <br />
  <span
    className="add clickable"
    href="#"
    onClick={[Function]}
  >
    component Customer [0.9, 0.2] (outsource)
  </span>
  <br />
  <span
    className="add clickable"
    href="#"
    onClick={[Function]}
  >
    evolve Customer 0.9 (outsource)
  </span>
  <br />
  <span
    className="add clickable"
    href="#"
    onClick={[Function]}
  >
    evolve Customer 0.9 (buy)
  </span>
  <br />
  <span
    className="add clickable"
    href="#"
    onClick={[Function]}
  >
    evolve Customer 0.9 (build)
  </span>
  <br />
  <br />
  ------------------------
  <br />
  <strong>
    Link submap to a component
  </strong>
  <br />
   
  Add a reference link to a submap. A component becomes a link to an other Wardley Map
   
  <br />
  <strong>
    Example:
  </strong>
  <br />
  <span
    className="add clickable"
    href="#"
    onClick={[Function]}
  >
    submap Component [&lt;visibility&gt;, &lt;maturity&gt;] url(urlName)
  </span>
  <br />
  <span
    className="add clickable"
    href="#"
    onClick={[Function]}
  >
    url urlName [URL]
  </span>
  <br />
  <span
    className="add clickable"
    href="#"
    onClick={[Function]}
  >
    submap Website [0.83, 0.50] url(submapUrl)
  </span>
  <br />
  <span
    className="add clickable"
    href="#"
    onClick={[Function]}
  >
    url submapUrl [https://onlinewardleymaps.com/#clone:qu4VDDQryoZEnuw0ZZ]
  </span>
  <br />
  <br />
  ------------------------
  <br />
  <strong>
    Stages of Evolution
  </strong>
  <br />
   
  Change the stages of evolution labels on the map
   
  <br />
  <strong>
    Example:
  </strong>
  <br />
  <span
    className="add clickable"
    href="#"
    onClick={[Function]}
  >
    evolution First-&gt;Second-&gt;Third-&gt;Fourth
  </span>
  <br />
  <span
    className="add clickable"
    href="#"
    onClick={[Function]}
  >
    evolution Novel-&gt;Emerging-&gt;Good-&gt;Best
  </span>
  <br />
  <span
    className="add clickable"
    href="#"
    onClick={[Function]}
  >
    evolution 🧪 Genesis  -&gt; ⚒️ Custom -&gt;  🛒 Product -&gt;  ⛽ Commodity
  </span>
  <br />
  <br />
  ------------------------
  <br />
  <strong>
    Y-Axis Labels
  </strong>
  <br />
   
  Change the text of the y-axis labels
   
  <br />
  <strong>
    Example:
  </strong>
  <br />
  <span
    className="add clickable"
    href="#"
    onClick={[Function]}
  >
    y-axis Label-&gt;Min-&gt;Max
  </span>
  <br />
  <span
    className="add clickable"
    href="#"
    onClick={[Function]}
  >
    y-axis Value Chain-&gt;Invisible-&gt;Visible
  </span>
  <br />
  <br />
  ------------------------
  <br />
  <strong>
    Add notes
  </strong>
  <br />
   
  Add text to any part of the map
   
  <br />
  <strong>
    Example:
  </strong>
  <br />
  <span
    className="add clickable"
    href="#"
    onClick={[Function]}
  >
    note Note Text [0.9, 0.5]
  </span>
  <br />
  <span
    className="add clickable"
    href="#"
    onClick={[Function]}
  >
    note +future development [0.9, 0.5]
  </span>
  <br />
  <br />
  ------------------------
  <br />
  <strong>
    Available styles
  </strong>
  <br />
   
  Change the look and feel of a map
   
  <br />
  <strong>
    Example:
  </strong>
  <br />
  <span
    className="add clickable"
    href="#"
    onClick={[Function]}
  >
    style wardley
  </span>
  <br />
  <span
    className="add clickable"
    href="#"
    onClick={[Function]}
  >
    style handwritten
  </span>
  <br />
  <span
    className="add clickable"
    href="#"
    onClick={[Function]}
  >
    style colour
  </span>
  <br />
  <br />
  ------------------------
  <br />
</p>
`;
